{"time": "2025-12-06T17:09:33.399367Z", "name": "oneclasssvm", "level": "INFO", "msg": "Loading data from Dados Finais.xlsx sheet=RemoveDuplicatas", "module": "script", "func": "load_and_preprocess", "line": 94}
{"time": "2025-12-06T17:09:33.400365Z", "name": "oneclasssvm", "level": "INFO", "msg": "Loading data from Dados Finais.xlsx sheet=RemoveDuplicatas", "module": "script", "func": "load_and_preprocess", "line": 94}
{"time": "2025-12-06T17:09:44.927661Z", "name": "oneclasssvm", "level": "DEBUG", "msg": "Loaded df shape: (27028, 15)", "module": "script", "func": "load_and_preprocess", "line": 96}
{"time": "2025-12-06T17:09:44.927661Z", "name": "oneclasssvm", "level": "DEBUG", "msg": "Loaded df shape: (27028, 15)", "module": "script", "func": "load_and_preprocess", "line": 96}
{"time": "2025-12-06T17:09:44.968608Z", "name": "oneclasssvm", "level": "INFO", "msg": "After filtering RONDONOPOLIS shape: (26925, 15)", "module": "script", "func": "load_and_preprocess", "line": 110}
{"time": "2025-12-06T17:09:44.969605Z", "name": "oneclasssvm", "level": "INFO", "msg": "After filtering RONDONOPOLIS shape: (26925, 15)", "module": "script", "func": "load_and_preprocess", "line": 110}
{"time": "2025-12-06T17:09:44.976604Z", "name": "oneclasssvm", "level": "INFO", "msg": "After dropping invalid rows: (26925, 15)", "module": "script", "func": "load_and_preprocess", "line": 115}
{"time": "2025-12-06T17:09:44.977604Z", "name": "oneclasssvm", "level": "INFO", "msg": "After dropping invalid rows: (26925, 15)", "module": "script", "func": "load_and_preprocess", "line": 115}
{"time": "2025-12-06T17:09:44.990593Z", "name": "oneclasssvm", "level": "INFO", "msg": "Grouped dataset shape: (442, 6)", "module": "script", "func": "load_and_preprocess", "line": 125}
{"time": "2025-12-06T17:09:44.991861Z", "name": "oneclasssvm", "level": "INFO", "msg": "Grouped dataset shape: (442, 6)", "module": "script", "func": "load_and_preprocess", "line": 125}
{"time": "2025-12-06T17:09:45.010053Z", "name": "oneclasssvm", "level": "INFO", "msg": "Pivot table shape: (56, 8)", "module": "script", "func": "load_and_preprocess", "line": 136}
{"time": "2025-12-06T17:09:45.011056Z", "name": "oneclasssvm", "level": "INFO", "msg": "Pivot table shape: (56, 8)", "module": "script", "func": "load_and_preprocess", "line": 136}
{"time": "2025-12-06T17:09:45.018367Z", "name": "oneclasssvm", "level": "INFO", "msg": "Launching grid search (parallel)", "module": "script", "func": "run_streamlit_app", "line": 271}
{"time": "2025-12-06T17:09:45.020367Z", "name": "oneclasssvm", "level": "INFO", "msg": "Launching grid search (parallel)", "module": "script", "func": "run_streamlit_app", "line": 271}
{"time": "2025-12-06T17:09:45.021480Z", "name": "oneclasssvm", "level": "INFO", "msg": "Starting grid search with 80 candidates (n_jobs=4)", "module": "script", "func": "grid_search_params", "line": 172}
{"time": "2025-12-06T17:09:45.021924Z", "name": "oneclasssvm", "level": "INFO", "msg": "Starting grid search with 80 candidates (n_jobs=4)", "module": "script", "func": "grid_search_params", "line": 172}
{"time": "2025-12-06T17:09:50.232999Z", "name": "oneclasssvm", "level": "INFO", "msg": "Best params found: nu=0.10666666666666666, gamma=0.0071968567300115215, outlier_rate=0.1071", "module": "script", "func": "grid_search_params", "line": 185}
{"time": "2025-12-06T17:09:50.232999Z", "name": "oneclasssvm", "level": "INFO", "msg": "Best params found: nu=0.10666666666666666, gamma=0.0071968567300115215, outlier_rate=0.1071", "module": "script", "func": "grid_search_params", "line": 185}
{"time": "2025-12-06T17:09:50.248994Z", "name": "oneclasssvm", "level": "INFO", "msg": "Resultados salvos em C:\\Users\\geova\\PycharmProjects\\OneClassSVM\\resultados\\resultados_oneclasssvm_universidades.csv", "module": "script", "func": "run_streamlit_app", "line": 288}
{"time": "2025-12-06T17:09:50.250995Z", "name": "oneclasssvm", "level": "INFO", "msg": "Resultados salvos em C:\\Users\\geova\\PycharmProjects\\OneClassSVM\\resultados\\resultados_oneclasssvm_universidades.csv", "module": "script", "func": "run_streamlit_app", "line": 288}
{"time": "2025-12-06T17:09:50.883587Z", "name": "oneclasssvm", "level": "INFO", "msg": "Report saved to C:\\Users\\geova\\PycharmProjects\\OneClassSVM\\resultados\\relatorio_oneclasssvm.md", "module": "script", "func": "generate_report_md", "line": 217}
{"time": "2025-12-06T17:09:50.888590Z", "name": "oneclasssvm", "level": "INFO", "msg": "Report saved to C:\\Users\\geova\\PycharmProjects\\OneClassSVM\\resultados\\relatorio_oneclasssvm.md", "module": "script", "func": "generate_report_md", "line": 217}
{"time": "2025-12-06T17:09:50.950651Z", "name": "oneclasssvm", "level": "WARNING", "msg": "Could not save static figure (kaleido may be missing): \nImage export using the \"kaleido\" engine requires the Kaleido package,\nwhich can be installed using pip:\n\n    $ pip install --upgrade kaleido\n", "module": "script", "func": "run_streamlit_app", "line": 366}
{"time": "2025-12-06T17:09:50.951649Z", "name": "oneclasssvm", "level": "WARNING", "msg": "Could not save static figure (kaleido may be missing): \nImage export using the \"kaleido\" engine requires the Kaleido package,\nwhich can be installed using pip:\n\n    $ pip install --upgrade kaleido\n", "module": "script", "func": "run_streamlit_app", "line": 366}
{"time": "2025-12-06T17:16:00.364565Z", "name": "oneclasssvm", "level": "INFO", "msg": "Loading data from Dados Finais.xlsx sheet=RemoveDuplicatas", "module": "script", "func": "load_and_preprocess", "line": 94}
{"time": "2025-12-06T17:16:00.364565Z", "name": "oneclasssvm", "level": "INFO", "msg": "Loading data from Dados Finais.xlsx sheet=RemoveDuplicatas", "module": "script", "func": "load_and_preprocess", "line": 94}
{"time": "2025-12-06T17:16:00.366559Z", "name": "oneclasssvm", "level": "INFO", "msg": "Loading data from Dados Finais.xlsx sheet=RemoveDuplicatas", "module": "script", "func": "load_and_preprocess", "line": 94}
{"time": "2025-12-06T17:16:00.367559Z", "name": "oneclasssvm", "level": "INFO", "msg": "Loading data from Dados Finais.xlsx sheet=RemoveDuplicatas", "module": "script", "func": "load_and_preprocess", "line": 94}
{"time": "2025-12-06T17:16:11.133463Z", "name": "oneclasssvm", "level": "DEBUG", "msg": "Loaded df shape: (27028, 15)", "module": "script", "func": "load_and_preprocess", "line": 96}
{"time": "2025-12-06T17:16:11.134454Z", "name": "oneclasssvm", "level": "DEBUG", "msg": "Loaded df shape: (27028, 15)", "module": "script", "func": "load_and_preprocess", "line": 96}
{"time": "2025-12-06T17:16:11.134454Z", "name": "oneclasssvm", "level": "DEBUG", "msg": "Loaded df shape: (27028, 15)", "module": "script", "func": "load_and_preprocess", "line": 96}
{"time": "2025-12-06T17:16:11.135453Z", "name": "oneclasssvm", "level": "DEBUG", "msg": "Loaded df shape: (27028, 15)", "module": "script", "func": "load_and_preprocess", "line": 96}
{"time": "2025-12-06T17:16:11.170481Z", "name": "oneclasssvm", "level": "INFO", "msg": "After filtering RONDONOPOLIS shape: (26925, 15)", "module": "script", "func": "load_and_preprocess", "line": 110}
{"time": "2025-12-06T17:16:11.172748Z", "name": "oneclasssvm", "level": "INFO", "msg": "After filtering RONDONOPOLIS shape: (26925, 15)", "module": "script", "func": "load_and_preprocess", "line": 110}
{"time": "2025-12-06T17:16:11.173746Z", "name": "oneclasssvm", "level": "INFO", "msg": "After filtering RONDONOPOLIS shape: (26925, 15)", "module": "script", "func": "load_and_preprocess", "line": 110}
{"time": "2025-12-06T17:16:11.174748Z", "name": "oneclasssvm", "level": "INFO", "msg": "After filtering RONDONOPOLIS shape: (26925, 15)", "module": "script", "func": "load_and_preprocess", "line": 110}
{"time": "2025-12-06T17:16:11.181746Z", "name": "oneclasssvm", "level": "INFO", "msg": "After dropping invalid rows: (26925, 15)", "module": "script", "func": "load_and_preprocess", "line": 115}
{"time": "2025-12-06T17:16:11.182053Z", "name": "oneclasssvm", "level": "INFO", "msg": "After dropping invalid rows: (26925, 15)", "module": "script", "func": "load_and_preprocess", "line": 115}
{"time": "2025-12-06T17:16:11.182053Z", "name": "oneclasssvm", "level": "INFO", "msg": "After dropping invalid rows: (26925, 15)", "module": "script", "func": "load_and_preprocess", "line": 115}
{"time": "2025-12-06T17:16:11.182053Z", "name": "oneclasssvm", "level": "INFO", "msg": "After dropping invalid rows: (26925, 15)", "module": "script", "func": "load_and_preprocess", "line": 115}
{"time": "2025-12-06T17:16:11.195053Z", "name": "oneclasssvm", "level": "INFO", "msg": "Grouped dataset shape: (442, 6)", "module": "script", "func": "load_and_preprocess", "line": 125}
{"time": "2025-12-06T17:16:11.196050Z", "name": "oneclasssvm", "level": "INFO", "msg": "Grouped dataset shape: (442, 6)", "module": "script", "func": "load_and_preprocess", "line": 125}
{"time": "2025-12-06T17:16:11.197049Z", "name": "oneclasssvm", "level": "INFO", "msg": "Grouped dataset shape: (442, 6)", "module": "script", "func": "load_and_preprocess", "line": 125}
{"time": "2025-12-06T17:16:11.197049Z", "name": "oneclasssvm", "level": "INFO", "msg": "Grouped dataset shape: (442, 6)", "module": "script", "func": "load_and_preprocess", "line": 125}
{"time": "2025-12-06T17:16:11.205044Z", "name": "oneclasssvm", "level": "INFO", "msg": "Pivot table shape: (56, 8)", "module": "script", "func": "load_and_preprocess", "line": 136}
{"time": "2025-12-06T17:16:11.206044Z", "name": "oneclasssvm", "level": "INFO", "msg": "Pivot table shape: (56, 8)", "module": "script", "func": "load_and_preprocess", "line": 136}
{"time": "2025-12-06T17:16:11.207043Z", "name": "oneclasssvm", "level": "INFO", "msg": "Pivot table shape: (56, 8)", "module": "script", "func": "load_and_preprocess", "line": 136}
{"time": "2025-12-06T17:16:11.207043Z", "name": "oneclasssvm", "level": "INFO", "msg": "Pivot table shape: (56, 8)", "module": "script", "func": "load_and_preprocess", "line": 136}
{"time": "2025-12-06T17:16:11.212041Z", "name": "oneclasssvm", "level": "INFO", "msg": "Launching grid search (parallel)", "module": "script", "func": "run_streamlit_app", "line": 271}
{"time": "2025-12-06T17:16:11.215038Z", "name": "oneclasssvm", "level": "INFO", "msg": "Launching grid search (parallel)", "module": "script", "func": "run_streamlit_app", "line": 271}
{"time": "2025-12-06T17:16:11.216039Z", "name": "oneclasssvm", "level": "INFO", "msg": "Launching grid search (parallel)", "module": "script", "func": "run_streamlit_app", "line": 271}
{"time": "2025-12-06T17:16:11.217038Z", "name": "oneclasssvm", "level": "INFO", "msg": "Launching grid search (parallel)", "module": "script", "func": "run_streamlit_app", "line": 271}
{"time": "2025-12-06T17:16:11.218038Z", "name": "oneclasssvm", "level": "INFO", "msg": "Starting grid search with 80 candidates (n_jobs=4)", "module": "script", "func": "grid_search_params", "line": 172}
{"time": "2025-12-06T17:16:11.218038Z", "name": "oneclasssvm", "level": "INFO", "msg": "Starting grid search with 80 candidates (n_jobs=4)", "module": "script", "func": "grid_search_params", "line": 172}
{"time": "2025-12-06T17:16:11.218038Z", "name": "oneclasssvm", "level": "INFO", "msg": "Starting grid search with 80 candidates (n_jobs=4)", "module": "script", "func": "grid_search_params", "line": 172}
{"time": "2025-12-06T17:16:11.219038Z", "name": "oneclasssvm", "level": "INFO", "msg": "Starting grid search with 80 candidates (n_jobs=4)", "module": "script", "func": "grid_search_params", "line": 172}
{"time": "2025-12-06T17:16:21.880114Z", "name": "oneclasssvm", "level": "INFO", "msg": "Best params found: nu=0.10666666666666666, gamma=0.0071968567300115215, outlier_rate=0.1071", "module": "script", "func": "grid_search_params", "line": 185}
{"time": "2025-12-06T17:16:21.880114Z", "name": "oneclasssvm", "level": "INFO", "msg": "Best params found: nu=0.10666666666666666, gamma=0.0071968567300115215, outlier_rate=0.1071", "module": "script", "func": "grid_search_params", "line": 185}
{"time": "2025-12-06T17:16:21.882119Z", "name": "oneclasssvm", "level": "INFO", "msg": "Best params found: nu=0.10666666666666666, gamma=0.0071968567300115215, outlier_rate=0.1071", "module": "script", "func": "grid_search_params", "line": 185}
{"time": "2025-12-06T17:16:21.882119Z", "name": "oneclasssvm", "level": "INFO", "msg": "Best params found: nu=0.10666666666666666, gamma=0.0071968567300115215, outlier_rate=0.1071", "module": "script", "func": "grid_search_params", "line": 185}
{"time": "2025-12-06T17:16:21.910123Z", "name": "oneclasssvm", "level": "INFO", "msg": "Resultados salvos em C:\\Users\\geova\\PycharmProjects\\OneClassSVM\\resultados\\resultados_oneclasssvm_universidades.csv", "module": "script", "func": "run_streamlit_app", "line": 288}
{"time": "2025-12-06T17:16:21.915101Z", "name": "oneclasssvm", "level": "INFO", "msg": "Resultados salvos em C:\\Users\\geova\\PycharmProjects\\OneClassSVM\\resultados\\resultados_oneclasssvm_universidades.csv", "module": "script", "func": "run_streamlit_app", "line": 288}
{"time": "2025-12-06T17:16:21.921097Z", "name": "oneclasssvm", "level": "INFO", "msg": "Resultados salvos em C:\\Users\\geova\\PycharmProjects\\OneClassSVM\\resultados\\resultados_oneclasssvm_universidades.csv", "module": "script", "func": "run_streamlit_app", "line": 288}
{"time": "2025-12-06T17:16:21.923095Z", "name": "oneclasssvm", "level": "INFO", "msg": "Resultados salvos em C:\\Users\\geova\\PycharmProjects\\OneClassSVM\\resultados\\resultados_oneclasssvm_universidades.csv", "module": "script", "func": "run_streamlit_app", "line": 288}
{"time": "2025-12-06T17:16:22.255087Z", "name": "oneclasssvm", "level": "INFO", "msg": "Report saved to C:\\Users\\geova\\PycharmProjects\\OneClassSVM\\resultados\\relatorio_oneclasssvm.md", "module": "script", "func": "generate_report_md", "line": 217}
{"time": "2025-12-06T17:16:22.256087Z", "name": "oneclasssvm", "level": "INFO", "msg": "Report saved to C:\\Users\\geova\\PycharmProjects\\OneClassSVM\\resultados\\relatorio_oneclasssvm.md", "module": "script", "func": "generate_report_md", "line": 217}
{"time": "2025-12-06T17:16:22.257086Z", "name": "oneclasssvm", "level": "INFO", "msg": "Report saved to C:\\Users\\geova\\PycharmProjects\\OneClassSVM\\resultados\\relatorio_oneclasssvm.md", "module": "script", "func": "generate_report_md", "line": 217}
{"time": "2025-12-06T17:16:22.258085Z", "name": "oneclasssvm", "level": "INFO", "msg": "Report saved to C:\\Users\\geova\\PycharmProjects\\OneClassSVM\\resultados\\relatorio_oneclasssvm.md", "module": "script", "func": "generate_report_md", "line": 217}
{"time": "2025-12-06T17:16:22.260083Z", "name": "oneclasssvm", "level": "WARNING", "msg": "Could not save static figure (kaleido may be missing): \nImage export using the \"kaleido\" engine requires the Kaleido package,\nwhich can be installed using pip:\n\n    $ pip install --upgrade kaleido\n", "module": "script", "func": "run_streamlit_app", "line": 366}
{"time": "2025-12-06T17:16:22.261084Z", "name": "oneclasssvm", "level": "WARNING", "msg": "Could not save static figure (kaleido may be missing): \nImage export using the \"kaleido\" engine requires the Kaleido package,\nwhich can be installed using pip:\n\n    $ pip install --upgrade kaleido\n", "module": "script", "func": "run_streamlit_app", "line": 366}
{"time": "2025-12-06T17:16:22.261084Z", "name": "oneclasssvm", "level": "WARNING", "msg": "Could not save static figure (kaleido may be missing): \nImage export using the \"kaleido\" engine requires the Kaleido package,\nwhich can be installed using pip:\n\n    $ pip install --upgrade kaleido\n", "module": "script", "func": "run_streamlit_app", "line": 366}
{"time": "2025-12-06T17:16:22.261084Z", "name": "oneclasssvm", "level": "WARNING", "msg": "Could not save static figure (kaleido may be missing): \nImage export using the \"kaleido\" engine requires the Kaleido package,\nwhich can be installed using pip:\n\n    $ pip install --upgrade kaleido\n", "module": "script", "func": "run_streamlit_app", "line": 366}
{"time": "2025-12-06T17:16:32.373156Z", "name": "oneclasssvm", "level": "INFO", "msg": "Loading data from Dados Finais.xlsx sheet=RemoveDuplicatas", "module": "script", "func": "load_and_preprocess", "line": 94}
{"time": "2025-12-06T17:16:32.373156Z", "name": "oneclasssvm", "level": "INFO", "msg": "Loading data from Dados Finais.xlsx sheet=RemoveDuplicatas", "module": "script", "func": "load_and_preprocess", "line": 94}
{"time": "2025-12-06T17:16:32.375153Z", "name": "oneclasssvm", "level": "INFO", "msg": "Loading data from Dados Finais.xlsx sheet=RemoveDuplicatas", "module": "script", "func": "load_and_preprocess", "line": 94}
{"time": "2025-12-06T17:16:32.376154Z", "name": "oneclasssvm", "level": "INFO", "msg": "Loading data from Dados Finais.xlsx sheet=RemoveDuplicatas", "module": "script", "func": "load_and_preprocess", "line": 94}
{"time": "2025-12-06T17:16:32.380151Z", "name": "oneclasssvm", "level": "INFO", "msg": "Loading data from Dados Finais.xlsx sheet=RemoveDuplicatas", "module": "script", "func": "load_and_preprocess", "line": 94}
{"time": "2025-12-06T17:16:32.381156Z", "name": "oneclasssvm", "level": "INFO", "msg": "Loading data from Dados Finais.xlsx sheet=RemoveDuplicatas", "module": "script", "func": "load_and_preprocess", "line": 94}
{"time": "2025-12-06T17:16:42.894716Z", "name": "oneclasssvm", "level": "DEBUG", "msg": "Loaded df shape: (27028, 15)", "module": "script", "func": "load_and_preprocess", "line": 96}
{"time": "2025-12-06T17:16:42.894716Z", "name": "oneclasssvm", "level": "DEBUG", "msg": "Loaded df shape: (27028, 15)", "module": "script", "func": "load_and_preprocess", "line": 96}
{"time": "2025-12-06T17:16:42.910339Z", "name": "oneclasssvm", "level": "DEBUG", "msg": "Loaded df shape: (27028, 15)", "module": "script", "func": "load_and_preprocess", "line": 96}
{"time": "2025-12-06T17:16:42.910339Z", "name": "oneclasssvm", "level": "DEBUG", "msg": "Loaded df shape: (27028, 15)", "module": "script", "func": "load_and_preprocess", "line": 96}
{"time": "2025-12-06T17:16:42.910339Z", "name": "oneclasssvm", "level": "DEBUG", "msg": "Loaded df shape: (27028, 15)", "module": "script", "func": "load_and_preprocess", "line": 96}
{"time": "2025-12-06T17:16:42.910339Z", "name": "oneclasssvm", "level": "DEBUG", "msg": "Loaded df shape: (27028, 15)", "module": "script", "func": "load_and_preprocess", "line": 96}
{"time": "2025-12-06T17:16:42.941591Z", "name": "oneclasssvm", "level": "INFO", "msg": "After filtering RONDONOPOLIS shape: (26925, 15)", "module": "script", "func": "load_and_preprocess", "line": 110}
{"time": "2025-12-06T17:16:42.941591Z", "name": "oneclasssvm", "level": "INFO", "msg": "After filtering RONDONOPOLIS shape: (26925, 15)", "module": "script", "func": "load_and_preprocess", "line": 110}
{"time": "2025-12-06T17:16:42.941591Z", "name": "oneclasssvm", "level": "INFO", "msg": "After filtering RONDONOPOLIS shape: (26925, 15)", "module": "script", "func": "load_and_preprocess", "line": 110}
{"time": "2025-12-06T17:16:42.941591Z", "name": "oneclasssvm", "level": "INFO", "msg": "After filtering RONDONOPOLIS shape: (26925, 15)", "module": "script", "func": "load_and_preprocess", "line": 110}
{"time": "2025-12-06T17:16:42.941591Z", "name": "oneclasssvm", "level": "INFO", "msg": "After filtering RONDONOPOLIS shape: (26925, 15)", "module": "script", "func": "load_and_preprocess", "line": 110}
{"time": "2025-12-06T17:16:42.941591Z", "name": "oneclasssvm", "level": "INFO", "msg": "After filtering RONDONOPOLIS shape: (26925, 15)", "module": "script", "func": "load_and_preprocess", "line": 110}
{"time": "2025-12-06T17:16:42.957216Z", "name": "oneclasssvm", "level": "INFO", "msg": "After dropping invalid rows: (26925, 15)", "module": "script", "func": "load_and_preprocess", "line": 115}
{"time": "2025-12-06T17:16:42.957216Z", "name": "oneclasssvm", "level": "INFO", "msg": "After dropping invalid rows: (26925, 15)", "module": "script", "func": "load_and_preprocess", "line": 115}
{"time": "2025-12-06T17:16:42.957216Z", "name": "oneclasssvm", "level": "INFO", "msg": "After dropping invalid rows: (26925, 15)", "module": "script", "func": "load_and_preprocess", "line": 115}
{"time": "2025-12-06T17:16:42.957216Z", "name": "oneclasssvm", "level": "INFO", "msg": "After dropping invalid rows: (26925, 15)", "module": "script", "func": "load_and_preprocess", "line": 115}
{"time": "2025-12-06T17:16:42.957216Z", "name": "oneclasssvm", "level": "INFO", "msg": "After dropping invalid rows: (26925, 15)", "module": "script", "func": "load_and_preprocess", "line": 115}
{"time": "2025-12-06T17:16:42.957216Z", "name": "oneclasssvm", "level": "INFO", "msg": "After dropping invalid rows: (26925, 15)", "module": "script", "func": "load_and_preprocess", "line": 115}
{"time": "2025-12-06T17:16:42.957216Z", "name": "oneclasssvm", "level": "INFO", "msg": "Grouped dataset shape: (442, 6)", "module": "script", "func": "load_and_preprocess", "line": 125}
{"time": "2025-12-06T17:16:42.957216Z", "name": "oneclasssvm", "level": "INFO", "msg": "Grouped dataset shape: (442, 6)", "module": "script", "func": "load_and_preprocess", "line": 125}
{"time": "2025-12-06T17:16:42.972840Z", "name": "oneclasssvm", "level": "INFO", "msg": "Grouped dataset shape: (442, 6)", "module": "script", "func": "load_and_preprocess", "line": 125}
{"time": "2025-12-06T17:16:42.972840Z", "name": "oneclasssvm", "level": "INFO", "msg": "Grouped dataset shape: (442, 6)", "module": "script", "func": "load_and_preprocess", "line": 125}
{"time": "2025-12-06T17:16:42.972840Z", "name": "oneclasssvm", "level": "INFO", "msg": "Grouped dataset shape: (442, 6)", "module": "script", "func": "load_and_preprocess", "line": 125}
{"time": "2025-12-06T17:16:42.972840Z", "name": "oneclasssvm", "level": "INFO", "msg": "Grouped dataset shape: (442, 6)", "module": "script", "func": "load_and_preprocess", "line": 125}
{"time": "2025-12-06T17:16:42.972840Z", "name": "oneclasssvm", "level": "INFO", "msg": "Pivot table shape: (56, 8)", "module": "script", "func": "load_and_preprocess", "line": 136}
{"time": "2025-12-06T17:16:42.984613Z", "name": "oneclasssvm", "level": "INFO", "msg": "Pivot table shape: (56, 8)", "module": "script", "func": "load_and_preprocess", "line": 136}
{"time": "2025-12-06T17:16:42.984613Z", "name": "oneclasssvm", "level": "INFO", "msg": "Pivot table shape: (56, 8)", "module": "script", "func": "load_and_preprocess", "line": 136}
{"time": "2025-12-06T17:16:42.984613Z", "name": "oneclasssvm", "level": "INFO", "msg": "Pivot table shape: (56, 8)", "module": "script", "func": "load_and_preprocess", "line": 136}
{"time": "2025-12-06T17:16:42.984613Z", "name": "oneclasssvm", "level": "INFO", "msg": "Pivot table shape: (56, 8)", "module": "script", "func": "load_and_preprocess", "line": 136}
{"time": "2025-12-06T17:16:42.984613Z", "name": "oneclasssvm", "level": "INFO", "msg": "Pivot table shape: (56, 8)", "module": "script", "func": "load_and_preprocess", "line": 136}
{"time": "2025-12-06T17:16:42.984613Z", "name": "oneclasssvm", "level": "INFO", "msg": "Launching grid search (parallel)", "module": "script", "func": "run_streamlit_app", "line": 271}
{"time": "2025-12-06T17:16:42.984613Z", "name": "oneclasssvm", "level": "INFO", "msg": "Launching grid search (parallel)", "module": "script", "func": "run_streamlit_app", "line": 271}
{"time": "2025-12-06T17:16:42.984613Z", "name": "oneclasssvm", "level": "INFO", "msg": "Launching grid search (parallel)", "module": "script", "func": "run_streamlit_app", "line": 271}
{"time": "2025-12-06T17:16:42.984613Z", "name": "oneclasssvm", "level": "INFO", "msg": "Launching grid search (parallel)", "module": "script", "func": "run_streamlit_app", "line": 271}
{"time": "2025-12-06T17:16:42.984613Z", "name": "oneclasssvm", "level": "INFO", "msg": "Launching grid search (parallel)", "module": "script", "func": "run_streamlit_app", "line": 271}
{"time": "2025-12-06T17:16:42.984613Z", "name": "oneclasssvm", "level": "INFO", "msg": "Launching grid search (parallel)", "module": "script", "func": "run_streamlit_app", "line": 271}
{"time": "2025-12-06T17:16:42.984613Z", "name": "oneclasssvm", "level": "INFO", "msg": "Starting grid search with 80 candidates (n_jobs=4)", "module": "script", "func": "grid_search_params", "line": 172}
{"time": "2025-12-06T17:16:42.984613Z", "name": "oneclasssvm", "level": "INFO", "msg": "Starting grid search with 80 candidates (n_jobs=4)", "module": "script", "func": "grid_search_params", "line": 172}
{"time": "2025-12-06T17:16:42.984613Z", "name": "oneclasssvm", "level": "INFO", "msg": "Starting grid search with 80 candidates (n_jobs=4)", "module": "script", "func": "grid_search_params", "line": 172}
{"time": "2025-12-06T17:16:42.984613Z", "name": "oneclasssvm", "level": "INFO", "msg": "Starting grid search with 80 candidates (n_jobs=4)", "module": "script", "func": "grid_search_params", "line": 172}
{"time": "2025-12-06T17:16:42.984613Z", "name": "oneclasssvm", "level": "INFO", "msg": "Starting grid search with 80 candidates (n_jobs=4)", "module": "script", "func": "grid_search_params", "line": 172}
{"time": "2025-12-06T17:16:42.984613Z", "name": "oneclasssvm", "level": "INFO", "msg": "Starting grid search with 80 candidates (n_jobs=4)", "module": "script", "func": "grid_search_params", "line": 172}
{"time": "2025-12-06T17:16:43.171143Z", "name": "oneclasssvm", "level": "INFO", "msg": "Best params found: nu=0.10666666666666666, gamma=0.0071968567300115215, outlier_rate=0.1071", "module": "script", "func": "grid_search_params", "line": 185}
{"time": "2025-12-06T17:16:43.171143Z", "name": "oneclasssvm", "level": "INFO", "msg": "Best params found: nu=0.10666666666666666, gamma=0.0071968567300115215, outlier_rate=0.1071", "module": "script", "func": "grid_search_params", "line": 185}
{"time": "2025-12-06T17:16:43.171143Z", "name": "oneclasssvm", "level": "INFO", "msg": "Best params found: nu=0.10666666666666666, gamma=0.0071968567300115215, outlier_rate=0.1071", "module": "script", "func": "grid_search_params", "line": 185}
{"time": "2025-12-06T17:16:43.171143Z", "name": "oneclasssvm", "level": "INFO", "msg": "Best params found: nu=0.10666666666666666, gamma=0.0071968567300115215, outlier_rate=0.1071", "module": "script", "func": "grid_search_params", "line": 185}
{"time": "2025-12-06T17:16:43.171143Z", "name": "oneclasssvm", "level": "INFO", "msg": "Best params found: nu=0.10666666666666666, gamma=0.0071968567300115215, outlier_rate=0.1071", "module": "script", "func": "grid_search_params", "line": 185}
{"time": "2025-12-06T17:16:43.171143Z", "name": "oneclasssvm", "level": "INFO", "msg": "Best params found: nu=0.10666666666666666, gamma=0.0071968567300115215, outlier_rate=0.1071", "module": "script", "func": "grid_search_params", "line": 185}
{"time": "2025-12-06T17:16:43.174155Z", "name": "oneclasssvm", "level": "INFO", "msg": "Resultados salvos em C:\\Users\\geova\\PycharmProjects\\OneClassSVM\\resultados\\resultados_oneclasssvm_universidades.csv", "module": "script", "func": "run_streamlit_app", "line": 288}
{"time": "2025-12-06T17:16:43.174155Z", "name": "oneclasssvm", "level": "INFO", "msg": "Resultados salvos em C:\\Users\\geova\\PycharmProjects\\OneClassSVM\\resultados\\resultados_oneclasssvm_universidades.csv", "module": "script", "func": "run_streamlit_app", "line": 288}
{"time": "2025-12-06T17:16:43.174155Z", "name": "oneclasssvm", "level": "INFO", "msg": "Resultados salvos em C:\\Users\\geova\\PycharmProjects\\OneClassSVM\\resultados\\resultados_oneclasssvm_universidades.csv", "module": "script", "func": "run_streamlit_app", "line": 288}
{"time": "2025-12-06T17:16:43.174155Z", "name": "oneclasssvm", "level": "INFO", "msg": "Resultados salvos em C:\\Users\\geova\\PycharmProjects\\OneClassSVM\\resultados\\resultados_oneclasssvm_universidades.csv", "module": "script", "func": "run_streamlit_app", "line": 288}
{"time": "2025-12-06T17:16:43.174155Z", "name": "oneclasssvm", "level": "INFO", "msg": "Resultados salvos em C:\\Users\\geova\\PycharmProjects\\OneClassSVM\\resultados\\resultados_oneclasssvm_universidades.csv", "module": "script", "func": "run_streamlit_app", "line": 288}
{"time": "2025-12-06T17:16:43.174155Z", "name": "oneclasssvm", "level": "INFO", "msg": "Resultados salvos em C:\\Users\\geova\\PycharmProjects\\OneClassSVM\\resultados\\resultados_oneclasssvm_universidades.csv", "module": "script", "func": "run_streamlit_app", "line": 288}
{"time": "2025-12-06T17:16:43.422913Z", "name": "oneclasssvm", "level": "INFO", "msg": "Report saved to C:\\Users\\geova\\PycharmProjects\\OneClassSVM\\resultados\\relatorio_oneclasssvm.md", "module": "script", "func": "generate_report_md", "line": 217}
{"time": "2025-12-06T17:16:43.423043Z", "name": "oneclasssvm", "level": "INFO", "msg": "Report saved to C:\\Users\\geova\\PycharmProjects\\OneClassSVM\\resultados\\relatorio_oneclasssvm.md", "module": "script", "func": "generate_report_md", "line": 217}
{"time": "2025-12-06T17:16:43.423043Z", "name": "oneclasssvm", "level": "INFO", "msg": "Report saved to C:\\Users\\geova\\PycharmProjects\\OneClassSVM\\resultados\\relatorio_oneclasssvm.md", "module": "script", "func": "generate_report_md", "line": 217}
{"time": "2025-12-06T17:16:43.423043Z", "name": "oneclasssvm", "level": "INFO", "msg": "Report saved to C:\\Users\\geova\\PycharmProjects\\OneClassSVM\\resultados\\relatorio_oneclasssvm.md", "module": "script", "func": "generate_report_md", "line": 217}
{"time": "2025-12-06T17:16:43.423043Z", "name": "oneclasssvm", "level": "INFO", "msg": "Report saved to C:\\Users\\geova\\PycharmProjects\\OneClassSVM\\resultados\\relatorio_oneclasssvm.md", "module": "script", "func": "generate_report_md", "line": 217}
{"time": "2025-12-06T17:16:43.423043Z", "name": "oneclasssvm", "level": "INFO", "msg": "Report saved to C:\\Users\\geova\\PycharmProjects\\OneClassSVM\\resultados\\relatorio_oneclasssvm.md", "module": "script", "func": "generate_report_md", "line": 217}
{"time": "2025-12-06T17:16:43.423043Z", "name": "oneclasssvm", "level": "WARNING", "msg": "Could not save static figure (kaleido may be missing): \nImage export using the \"kaleido\" engine requires the Kaleido package,\nwhich can be installed using pip:\n\n    $ pip install --upgrade kaleido\n", "module": "script", "func": "run_streamlit_app", "line": 366}
{"time": "2025-12-06T17:16:43.423043Z", "name": "oneclasssvm", "level": "WARNING", "msg": "Could not save static figure (kaleido may be missing): \nImage export using the \"kaleido\" engine requires the Kaleido package,\nwhich can be installed using pip:\n\n    $ pip install --upgrade kaleido\n", "module": "script", "func": "run_streamlit_app", "line": 366}
{"time": "2025-12-06T17:16:43.423043Z", "name": "oneclasssvm", "level": "WARNING", "msg": "Could not save static figure (kaleido may be missing): \nImage export using the \"kaleido\" engine requires the Kaleido package,\nwhich can be installed using pip:\n\n    $ pip install --upgrade kaleido\n", "module": "script", "func": "run_streamlit_app", "line": 366}
{"time": "2025-12-06T17:16:43.423043Z", "name": "oneclasssvm", "level": "WARNING", "msg": "Could not save static figure (kaleido may be missing): \nImage export using the \"kaleido\" engine requires the Kaleido package,\nwhich can be installed using pip:\n\n    $ pip install --upgrade kaleido\n", "module": "script", "func": "run_streamlit_app", "line": 366}
{"time": "2025-12-06T17:16:43.423043Z", "name": "oneclasssvm", "level": "WARNING", "msg": "Could not save static figure (kaleido may be missing): \nImage export using the \"kaleido\" engine requires the Kaleido package,\nwhich can be installed using pip:\n\n    $ pip install --upgrade kaleido\n", "module": "script", "func": "run_streamlit_app", "line": 366}
{"time": "2025-12-06T17:16:43.423043Z", "name": "oneclasssvm", "level": "WARNING", "msg": "Could not save static figure (kaleido may be missing): \nImage export using the \"kaleido\" engine requires the Kaleido package,\nwhich can be installed using pip:\n\n    $ pip install --upgrade kaleido\n", "module": "script", "func": "run_streamlit_app", "line": 366}
{"time": "2025-12-06T17:19:08.198162Z", "name": "oneclasssvm", "level": "INFO", "msg": "Loading data from Dados Finais.xlsx sheet=RemoveDuplicatas", "module": "script", "func": "load_and_preprocess", "line": 94}
{"time": "2025-12-06T17:19:08.199161Z", "name": "oneclasssvm", "level": "INFO", "msg": "Loading data from Dados Finais.xlsx sheet=RemoveDuplicatas", "module": "script", "func": "load_and_preprocess", "line": 94}
{"time": "2025-12-06T17:19:21.093047Z", "name": "oneclasssvm", "level": "DEBUG", "msg": "Loaded df shape: (27028, 15)", "module": "script", "func": "load_and_preprocess", "line": 96}
{"time": "2025-12-06T17:19:21.094045Z", "name": "oneclasssvm", "level": "DEBUG", "msg": "Loaded df shape: (27028, 15)", "module": "script", "func": "load_and_preprocess", "line": 96}
{"time": "2025-12-06T17:19:21.135019Z", "name": "oneclasssvm", "level": "INFO", "msg": "After filtering RONDONOPOLIS shape: (26925, 15)", "module": "script", "func": "load_and_preprocess", "line": 110}
{"time": "2025-12-06T17:19:21.136019Z", "name": "oneclasssvm", "level": "INFO", "msg": "After filtering RONDONOPOLIS shape: (26925, 15)", "module": "script", "func": "load_and_preprocess", "line": 110}
{"time": "2025-12-06T17:19:21.145231Z", "name": "oneclasssvm", "level": "INFO", "msg": "After dropping invalid rows: (26925, 15)", "module": "script", "func": "load_and_preprocess", "line": 115}
{"time": "2025-12-06T17:19:21.146228Z", "name": "oneclasssvm", "level": "INFO", "msg": "After dropping invalid rows: (26925, 15)", "module": "script", "func": "load_and_preprocess", "line": 115}
{"time": "2025-12-06T17:19:21.160498Z", "name": "oneclasssvm", "level": "INFO", "msg": "Grouped dataset shape: (442, 6)", "module": "script", "func": "load_and_preprocess", "line": 125}
{"time": "2025-12-06T17:19:21.162496Z", "name": "oneclasssvm", "level": "INFO", "msg": "Grouped dataset shape: (442, 6)", "module": "script", "func": "load_and_preprocess", "line": 125}
{"time": "2025-12-06T17:19:21.190471Z", "name": "oneclasssvm", "level": "INFO", "msg": "Pivot table shape: (56, 8)", "module": "script", "func": "load_and_preprocess", "line": 136}
{"time": "2025-12-06T17:19:21.192039Z", "name": "oneclasssvm", "level": "INFO", "msg": "Pivot table shape: (56, 8)", "module": "script", "func": "load_and_preprocess", "line": 136}
{"time": "2025-12-06T17:19:21.203055Z", "name": "oneclasssvm", "level": "INFO", "msg": "Launching grid search (parallel)", "module": "script", "func": "run_streamlit_app", "line": 271}
{"time": "2025-12-06T17:19:21.204054Z", "name": "oneclasssvm", "level": "INFO", "msg": "Launching grid search (parallel)", "module": "script", "func": "run_streamlit_app", "line": 271}
{"time": "2025-12-06T17:19:21.204054Z", "name": "oneclasssvm", "level": "INFO", "msg": "Starting grid search with 80 candidates (n_jobs=4)", "module": "script", "func": "grid_search_params", "line": 172}
{"time": "2025-12-06T17:19:21.205053Z", "name": "oneclasssvm", "level": "INFO", "msg": "Starting grid search with 80 candidates (n_jobs=4)", "module": "script", "func": "grid_search_params", "line": 172}
{"time": "2025-12-06T17:19:27.739610Z", "name": "oneclasssvm", "level": "INFO", "msg": "Best params found: nu=0.10666666666666666, gamma=0.0071968567300115215, outlier_rate=0.1071", "module": "script", "func": "grid_search_params", "line": 185}
{"time": "2025-12-06T17:19:27.740608Z", "name": "oneclasssvm", "level": "INFO", "msg": "Best params found: nu=0.10666666666666666, gamma=0.0071968567300115215, outlier_rate=0.1071", "module": "script", "func": "grid_search_params", "line": 185}
{"time": "2025-12-06T17:19:27.758596Z", "name": "oneclasssvm", "level": "INFO", "msg": "Resultados salvos em C:\\Users\\geova\\PycharmProjects\\OneClassSVM\\resultados\\resultados_oneclasssvm_universidades.csv", "module": "script", "func": "run_streamlit_app", "line": 288}
{"time": "2025-12-06T17:19:27.764594Z", "name": "oneclasssvm", "level": "INFO", "msg": "Resultados salvos em C:\\Users\\geova\\PycharmProjects\\OneClassSVM\\resultados\\resultados_oneclasssvm_universidades.csv", "module": "script", "func": "run_streamlit_app", "line": 288}
{"time": "2025-12-06T17:19:28.589388Z", "name": "oneclasssvm", "level": "INFO", "msg": "Report saved to C:\\Users\\geova\\PycharmProjects\\OneClassSVM\\resultados\\relatorio_oneclasssvm.md", "module": "script", "func": "generate_report_md", "line": 217}
{"time": "2025-12-06T17:19:28.591386Z", "name": "oneclasssvm", "level": "INFO", "msg": "Report saved to C:\\Users\\geova\\PycharmProjects\\OneClassSVM\\resultados\\relatorio_oneclasssvm.md", "module": "script", "func": "generate_report_md", "line": 217}
{"time": "2025-12-06T17:19:38.216350Z", "name": "oneclasssvm", "level": "INFO", "msg": "Saved distribution figure.", "module": "script", "func": "run_streamlit_app", "line": 364}
{"time": "2025-12-06T17:19:38.217352Z", "name": "oneclasssvm", "level": "INFO", "msg": "Saved distribution figure.", "module": "script", "func": "run_streamlit_app", "line": 364}
{"time": "2025-12-06T17:22:13.150350Z", "name": "oneclasssvm", "level": "INFO", "msg": "Loading data from Dados Finais.xlsx sheet=RemoveDuplicatas", "module": "script", "func": "load_and_preprocess", "line": 94}
{"time": "2025-12-06T17:22:13.152348Z", "name": "oneclasssvm", "level": "INFO", "msg": "Loading data from Dados Finais.xlsx sheet=RemoveDuplicatas", "module": "script", "func": "load_and_preprocess", "line": 94}
{"time": "2025-12-06T17:22:15.745917Z", "name": "oneclasssvm", "level": "INFO", "msg": "Loading data from Dados Finais.xlsx sheet=RemoveDuplicatas", "module": "script", "func": "load_and_preprocess", "line": 94}
{"time": "2025-12-06T17:22:15.748915Z", "name": "oneclasssvm", "level": "INFO", "msg": "Loading data from Dados Finais.xlsx sheet=RemoveDuplicatas", "module": "script", "func": "load_and_preprocess", "line": 94}
{"time": "2025-12-06T17:22:15.764114Z", "name": "oneclasssvm", "level": "INFO", "msg": "Loading data from Dados Finais.xlsx sheet=RemoveDuplicatas", "module": "script", "func": "load_and_preprocess", "line": 94}
{"time": "2025-12-06T17:22:29.902114Z", "name": "oneclasssvm", "level": "DEBUG", "msg": "Loaded df shape: (27028, 15)", "module": "script", "func": "load_and_preprocess", "line": 96}
{"time": "2025-12-06T17:22:29.905108Z", "name": "oneclasssvm", "level": "DEBUG", "msg": "Loaded df shape: (27028, 15)", "module": "script", "func": "load_and_preprocess", "line": 96}
{"time": "2025-12-06T17:22:29.908106Z", "name": "oneclasssvm", "level": "DEBUG", "msg": "Loaded df shape: (27028, 15)", "module": "script", "func": "load_and_preprocess", "line": 96}
{"time": "2025-12-06T17:22:29.966073Z", "name": "oneclasssvm", "level": "INFO", "msg": "After filtering RONDONOPOLIS shape: (26925, 15)", "module": "script", "func": "load_and_preprocess", "line": 110}
{"time": "2025-12-06T17:22:29.970069Z", "name": "oneclasssvm", "level": "INFO", "msg": "After filtering RONDONOPOLIS shape: (26925, 15)", "module": "script", "func": "load_and_preprocess", "line": 110}
{"time": "2025-12-06T17:22:29.974067Z", "name": "oneclasssvm", "level": "INFO", "msg": "After filtering RONDONOPOLIS shape: (26925, 15)", "module": "script", "func": "load_and_preprocess", "line": 110}
{"time": "2025-12-06T17:22:30.033503Z", "name": "oneclasssvm", "level": "INFO", "msg": "After dropping invalid rows: (26925, 15)", "module": "script", "func": "load_and_preprocess", "line": 115}
{"time": "2025-12-06T17:22:30.040500Z", "name": "oneclasssvm", "level": "INFO", "msg": "After dropping invalid rows: (26925, 15)", "module": "script", "func": "load_and_preprocess", "line": 115}
{"time": "2025-12-06T17:22:30.048719Z", "name": "oneclasssvm", "level": "INFO", "msg": "After dropping invalid rows: (26925, 15)", "module": "script", "func": "load_and_preprocess", "line": 115}
{"time": "2025-12-06T17:22:30.152479Z", "name": "oneclasssvm", "level": "INFO", "msg": "Grouped dataset shape: (442, 6)", "module": "script", "func": "load_and_preprocess", "line": 125}
{"time": "2025-12-06T17:22:30.168472Z", "name": "oneclasssvm", "level": "INFO", "msg": "Grouped dataset shape: (442, 6)", "module": "script", "func": "load_and_preprocess", "line": 125}
{"time": "2025-12-06T17:22:30.182658Z", "name": "oneclasssvm", "level": "INFO", "msg": "Grouped dataset shape: (442, 6)", "module": "script", "func": "load_and_preprocess", "line": 125}
{"time": "2025-12-06T17:22:30.256031Z", "name": "oneclasssvm", "level": "INFO", "msg": "Pivot table shape: (56, 8)", "module": "script", "func": "load_and_preprocess", "line": 136}
{"time": "2025-12-06T17:22:30.272552Z", "name": "oneclasssvm", "level": "INFO", "msg": "Pivot table shape: (56, 8)", "module": "script", "func": "load_and_preprocess", "line": 136}
{"time": "2025-12-06T17:22:30.288151Z", "name": "oneclasssvm", "level": "INFO", "msg": "Pivot table shape: (56, 8)", "module": "script", "func": "load_and_preprocess", "line": 136}
{"time": "2025-12-06T17:22:35.445053Z", "name": "oneclasssvm", "level": "DEBUG", "msg": "Loaded df shape: (27028, 15)", "module": "script", "func": "load_and_preprocess", "line": 96}
{"time": "2025-12-06T17:22:35.447050Z", "name": "oneclasssvm", "level": "DEBUG", "msg": "Loaded df shape: (27028, 15)", "module": "script", "func": "load_and_preprocess", "line": 96}
{"time": "2025-12-06T17:22:35.447050Z", "name": "oneclasssvm", "level": "DEBUG", "msg": "Loaded df shape: (27028, 15)", "module": "script", "func": "load_and_preprocess", "line": 96}
{"time": "2025-12-06T17:22:35.487026Z", "name": "oneclasssvm", "level": "INFO", "msg": "After filtering RONDONOPOLIS shape: (26925, 15)", "module": "script", "func": "load_and_preprocess", "line": 110}
{"time": "2025-12-06T17:22:35.488025Z", "name": "oneclasssvm", "level": "INFO", "msg": "After filtering RONDONOPOLIS shape: (26925, 15)", "module": "script", "func": "load_and_preprocess", "line": 110}
{"time": "2025-12-06T17:22:35.489026Z", "name": "oneclasssvm", "level": "INFO", "msg": "After filtering RONDONOPOLIS shape: (26925, 15)", "module": "script", "func": "load_and_preprocess", "line": 110}
{"time": "2025-12-06T17:22:35.497025Z", "name": "oneclasssvm", "level": "INFO", "msg": "After dropping invalid rows: (26925, 15)", "module": "script", "func": "load_and_preprocess", "line": 115}
{"time": "2025-12-06T17:22:35.498019Z", "name": "oneclasssvm", "level": "INFO", "msg": "After dropping invalid rows: (26925, 15)", "module": "script", "func": "load_and_preprocess", "line": 115}
{"time": "2025-12-06T17:22:35.498019Z", "name": "oneclasssvm", "level": "INFO", "msg": "After dropping invalid rows: (26925, 15)", "module": "script", "func": "load_and_preprocess", "line": 115}
{"time": "2025-12-06T17:22:35.511010Z", "name": "oneclasssvm", "level": "INFO", "msg": "Grouped dataset shape: (442, 6)", "module": "script", "func": "load_and_preprocess", "line": 125}
{"time": "2025-12-06T17:22:35.512010Z", "name": "oneclasssvm", "level": "INFO", "msg": "Grouped dataset shape: (442, 6)", "module": "script", "func": "load_and_preprocess", "line": 125}
{"time": "2025-12-06T17:22:35.513009Z", "name": "oneclasssvm", "level": "INFO", "msg": "Grouped dataset shape: (442, 6)", "module": "script", "func": "load_and_preprocess", "line": 125}
{"time": "2025-12-06T17:22:35.520004Z", "name": "oneclasssvm", "level": "INFO", "msg": "Pivot table shape: (56, 8)", "module": "script", "func": "load_and_preprocess", "line": 136}
{"time": "2025-12-06T17:22:35.520004Z", "name": "oneclasssvm", "level": "INFO", "msg": "Pivot table shape: (56, 8)", "module": "script", "func": "load_and_preprocess", "line": 136}
{"time": "2025-12-06T17:22:35.520004Z", "name": "oneclasssvm", "level": "INFO", "msg": "Pivot table shape: (56, 8)", "module": "script", "func": "load_and_preprocess", "line": 136}
{"time": "2025-12-06T17:22:35.527000Z", "name": "oneclasssvm", "level": "INFO", "msg": "Launching grid search (parallel)", "module": "script", "func": "run_streamlit_app", "line": 271}
{"time": "2025-12-06T17:22:35.528002Z", "name": "oneclasssvm", "level": "INFO", "msg": "Launching grid search (parallel)", "module": "script", "func": "run_streamlit_app", "line": 271}
{"time": "2025-12-06T17:22:35.529999Z", "name": "oneclasssvm", "level": "INFO", "msg": "Launching grid search (parallel)", "module": "script", "func": "run_streamlit_app", "line": 271}
{"time": "2025-12-06T17:22:35.529999Z", "name": "oneclasssvm", "level": "INFO", "msg": "Starting grid search with 80 candidates (n_jobs=4)", "module": "script", "func": "grid_search_params", "line": 172}
{"time": "2025-12-06T17:22:35.532193Z", "name": "oneclasssvm", "level": "INFO", "msg": "Starting grid search with 80 candidates (n_jobs=4)", "module": "script", "func": "grid_search_params", "line": 172}
{"time": "2025-12-06T17:22:35.532820Z", "name": "oneclasssvm", "level": "INFO", "msg": "Starting grid search with 80 candidates (n_jobs=4)", "module": "script", "func": "grid_search_params", "line": 172}
{"time": "2025-12-06T17:22:40.831236Z", "name": "oneclasssvm", "level": "INFO", "msg": "Best params found: nu=0.10666666666666666, gamma=0.0071968567300115215, outlier_rate=0.1071", "module": "script", "func": "grid_search_params", "line": 185}
{"time": "2025-12-06T17:22:40.831236Z", "name": "oneclasssvm", "level": "INFO", "msg": "Best params found: nu=0.10666666666666666, gamma=0.0071968567300115215, outlier_rate=0.1071", "module": "script", "func": "grid_search_params", "line": 185}
{"time": "2025-12-06T17:22:40.831236Z", "name": "oneclasssvm", "level": "INFO", "msg": "Best params found: nu=0.10666666666666666, gamma=0.0071968567300115215, outlier_rate=0.1071", "module": "script", "func": "grid_search_params", "line": 185}
{"time": "2025-12-06T17:22:40.842235Z", "name": "oneclasssvm", "level": "INFO", "msg": "Resultados salvos em C:\\Users\\geova\\PycharmProjects\\OneClassSVM\\resultados\\resultados_oneclasssvm_universidades.csv", "module": "script", "func": "run_streamlit_app", "line": 288}
{"time": "2025-12-06T17:22:40.843235Z", "name": "oneclasssvm", "level": "INFO", "msg": "Resultados salvos em C:\\Users\\geova\\PycharmProjects\\OneClassSVM\\resultados\\resultados_oneclasssvm_universidades.csv", "module": "script", "func": "run_streamlit_app", "line": 288}
{"time": "2025-12-06T17:22:40.844236Z", "name": "oneclasssvm", "level": "INFO", "msg": "Resultados salvos em C:\\Users\\geova\\PycharmProjects\\OneClassSVM\\resultados\\resultados_oneclasssvm_universidades.csv", "module": "script", "func": "run_streamlit_app", "line": 288}
{"time": "2025-12-06T17:22:41.942912Z", "name": "oneclasssvm", "level": "INFO", "msg": "Report saved to C:\\Users\\geova\\PycharmProjects\\OneClassSVM\\resultados\\relatorio_oneclasssvm.md", "module": "script", "func": "generate_report_md", "line": 217}
{"time": "2025-12-06T17:22:41.943912Z", "name": "oneclasssvm", "level": "INFO", "msg": "Report saved to C:\\Users\\geova\\PycharmProjects\\OneClassSVM\\resultados\\relatorio_oneclasssvm.md", "module": "script", "func": "generate_report_md", "line": 217}
{"time": "2025-12-06T17:22:41.945911Z", "name": "oneclasssvm", "level": "INFO", "msg": "Report saved to C:\\Users\\geova\\PycharmProjects\\OneClassSVM\\resultados\\relatorio_oneclasssvm.md", "module": "script", "func": "generate_report_md", "line": 217}
{"time": "2025-12-06T17:22:48.092165Z", "name": "oneclasssvm", "level": "INFO", "msg": "Saved distribution figure.", "module": "script", "func": "run_streamlit_app", "line": 528}
{"time": "2025-12-06T17:22:48.094163Z", "name": "oneclasssvm", "level": "INFO", "msg": "Saved distribution figure.", "module": "script", "func": "run_streamlit_app", "line": 528}
{"time": "2025-12-06T17:22:48.094163Z", "name": "oneclasssvm", "level": "INFO", "msg": "Saved distribution figure.", "module": "script", "func": "run_streamlit_app", "line": 528}
